
> sumud-dec@0.1.0 build
> next build

[@sentry/nextjs] DEPRECATION WARNING: disableLogger is deprecated and will be removed in a future version. Use webpack.treeshake.removeDebugLogging instead.
[@sentry/nextjs] DEPRECATION WARNING: automaticVercelMonitors is deprecated and will be removed in a future version. Use webpack.automaticVercelMonitors instead.
 ⚠ Warning: Next.js inferred your workspace root, but it may not be correct.
 We detected multiple lockfiles and selected the directory of /Users/amjadshakhshir/package-lock.json as the root directory.
 To silence this warning, set `turbopack.root` in your Next.js config, or consider removing one of the lockfiles if it's not needed.
   See https://nextjs.org/docs/app/api-reference/config/next-config-js/turbopack#root-directory for more information.
 Detected additional lockfiles: 
   * /Users/amjadshakhshir/Downloads/Projects/sumud-official/package-lock.json

   ▲ Next.js 16.0.10 (Turbopack)
   - Environments: .env.local, .env
   - Experiments (use with caution):
     · clientTraceMetadata

 ⚠ The "middleware" file convention is deprecated. Please use "proxy" instead. Learn more: https://nextjs.org/docs/messages/middleware-to-proxy
   Creating an optimized production build ...
[@sentry/nextjs] DEPRECATION WARNING: disableLogger is deprecated and will be removed in a future version. Use webpack.treeshake.removeDebugLogging instead.
[@sentry/nextjs] DEPRECATION WARNING: automaticVercelMonitors is deprecated and will be removed in a future version. Use webpack.automaticVercelMonitors instead.
 ✓ Compiled successfully in 3.4s
   Running next.config.js provided runAfterProductionCompile ...
 ✓ Completed runAfterProductionCompile in 8014ms
   Running TypeScript ...
   Collecting page data using 13 workers ...
   Generating static pages using 13 workers (0/98) ...
   Generating static pages using 13 workers (24/98) 
   Generating static pages using 13 workers (48/98) 
   Generating static pages using 13 workers (73/98) 
 ✓ Generating static pages using 13 workers (98/98) in 465.4ms
   Finalizing page optimization ...

Route (app)
┌ ○ /
├ ○ /_not-found
├ ● /[locale]
│ ├ /en
│ └ /fi
├ ● /[locale]/about
│ ├ /en/about
│ └ /fi/about
├ ƒ /[locale]/admin
├ ƒ /[locale]/admin/articles
├ ƒ /[locale]/admin/articles/[slug]
├ ƒ /[locale]/admin/articles/[slug]/edit
├ ƒ /[locale]/admin/articles/new
├ ƒ /[locale]/admin/campaigns
├ ƒ /[locale]/admin/campaigns/[slug]
├ ƒ /[locale]/admin/campaigns/[slug]/edit
├ ƒ /[locale]/admin/campaigns/new
├ ƒ /[locale]/admin/categories
├ ƒ /[locale]/admin/categories/new
├ ƒ /[locale]/admin/content
├ ƒ /[locale]/admin/content/[namespace]
├ ƒ /[locale]/admin/content/search
├ ƒ /[locale]/admin/events
├ ƒ /[locale]/admin/events/[id]
├ ƒ /[locale]/admin/events/[id]/edit
├ ƒ /[locale]/admin/events/new
├ ƒ /[locale]/admin/page-builder
├ ƒ /[locale]/admin/page-builder/[slug]
├ ƒ /[locale]/admin/page-builder/new
├ ƒ /[locale]/admin/settings
├ ● /[locale]/articles
│ ├ /en/articles
│ └ /fi/articles
├ ƒ /[locale]/articles/[slug]
├ ƒ /[locale]/auth/confirm
├ ● /[locale]/campaigns
│ ├ /en/campaigns
│ └ /fi/campaigns
├ ƒ /[locale]/campaigns/[slug]
├ ● /[locale]/contact
│ ├ /en/contact
│ └ /fi/contact
├ ● /[locale]/events
│ ├ /en/events
│ └ /fi/events
├ ƒ /[locale]/events/[slug]
├ ● /[locale]/join
│ ├ /en/join
│ └ /fi/join
├ ● /[locale]/membership
│ ├ /en/membership
│ └ /fi/membership
├ ● /[locale]/p/[slug]
│ ├ /en/p/home
│ ├ /en/p/about
│ ├ /en/p/contact
│ └ [+15 more paths]
├ ● /[locale]/pages/[slug]
│ ├ /en/pages/home
│ ├ /en/pages/about
│ ├ /en/pages/contact
│ └ [+15 more paths]
├ ● /[locale]/partners
│ ├ /en/partners
│ └ /fi/partners
├ ● /[locale]/privacy-policy
│ ├ /en/privacy-policy
│ └ /fi/privacy-policy
├ ƒ /[locale]/sign-in/[[...sign-in]]
├ ● /[locale]/team
│ ├ /en/team
│ └ /fi/team
├ ƒ /api/admin/content/buttons
├ ƒ /api/admin/content/messages/[locale]
├ ƒ /api/articles
├ ƒ /api/articles/[slug]
├ ƒ /api/campaigns
├ ƒ /api/campaigns/[slug]
├ ƒ /api/events
├ ƒ /api/events/[slug]
├ ƒ /api/pages
├ ƒ /api/test-db
├ ƒ /api/upload
├ ƒ /api/webhooks/clerk
└ ƒ /sign-in/[[...sign-in]]


ƒ Proxy (Middleware)

○  (Static)   prerendered as static content
●  (SSG)      prerendered as static HTML (uses generateStaticParams)
ƒ  (Dynamic)  server-rendered on demand

